[0m[1mrandom_password.db: Creating...[0m[0m
[0m[1mrandom_password.db: Creation complete after 0s [id=none][0m
[0m[1maws_db_subnet_group.groundzero: Creating...[0m[0m
[0m[1maws_security_group.db: Creating...[0m[0m
[0m[1maws_db_subnet_group.groundzero: Creation complete after 1s [id=groundzero-actions][0m
[0m[1maws_security_group.db: Creation complete after 4s [id=sg-063794f42228ae415][0m
[0m[1maws_rds_cluster.groundzero: Creating...[0m[0m
[0m[1maws_rds_cluster.groundzero: Still creating... [00m10s elapsed][0m[0m
[0m[1maws_rds_cluster.groundzero: Still creating... [00m20s elapsed][0m[0m
[0m[1maws_rds_cluster.groundzero: Still creating... [00m30s elapsed][0m[0m
[0m[1maws_rds_cluster.groundzero: Creation complete after 32s [id=groundzero-actions][0m
[0m[1maws_rds_cluster_instance.writer: Creating...[0m[0m
[0m[1mlocal_sensitive_file.env: Creating...[0m[0m
[0m[1mlocal_sensitive_file.env: Creation complete after 0s [id=c45e81c0a90ee066a4f008ad24d1e6c1a5fec01a][0m
[0m[1maws_rds_cluster_instance.writer: Still creating... [00m10s elapsed][0m[0m
[0m[1maws_rds_cluster_instance.writer: Still creating... [00m20s elapsed][0m[0m
[0m[1maws_rds_cluster_instance.writer: Still creating... [00m30s elapsed][0m[0m
[0m[1maws_rds_cluster_instance.writer: Still creating... [00m40s elapsed][0m[0m
[0m[1maws_rds_cluster_instance.writer: Still creating... [00m50s elapsed][0m[0m
[0m[1maws_rds_cluster_instance.writer: Still creating... [01m00s elapsed][0m[0m
[0m[1maws_rds_cluster_instance.writer: Still creating... [01m10s elapsed][0m[0m
[0m[1maws_rds_cluster_instance.writer: Still creating... [01m20s elapsed][0m[0m
[0m[1maws_rds_cluster_instance.writer: Still creating... [01m30s elapsed][0m[0m
[0m[1maws_rds_cluster_instance.writer: Still creating... [01m40s elapsed][0m[0m
[0m[1maws_rds_cluster_instance.writer: Still creating... [01m50s elapsed][0m[0m
[0m[1maws_rds_cluster_instance.writer: Still creating... [02m00s elapsed][0m[0m
[0m[1maws_rds_cluster_instance.writer: Still creating... [02m10s elapsed][0m[0m
[0m[1maws_rds_cluster_instance.writer: Still creating... [02m20s elapsed][0m[0m
[0m[1maws_rds_cluster_instance.writer: Still creating... [02m30s elapsed][0m[0m
[0m[1maws_rds_cluster_instance.writer: Still creating... [02m40s elapsed][0m[0m
[0m[1maws_rds_cluster_instance.writer: Still creating... [02m50s elapsed][0m[0m
[0m[1maws_rds_cluster_instance.writer: Still creating... [03m00s elapsed][0m[0m
[0m[1maws_rds_cluster_instance.writer: Still creating... [03m10s elapsed][0m[0m
[0m[1maws_rds_cluster_instance.writer: Still creating... [03m20s elapsed][0m[0m
[0m[1maws_rds_cluster_instance.writer: Still creating... [03m30s elapsed][0m[0m
[0m[1maws_rds_cluster_instance.writer: Still creating... [03m40s elapsed][0m[0m
[0m[1maws_rds_cluster_instance.writer: Still creating... [03m50s elapsed][0m[0m
[0m[1maws_rds_cluster_instance.writer: Still creating... [04m00s elapsed][0m[0m
[0m[1maws_rds_cluster_instance.writer: Still creating... [04m10s elapsed][0m[0m
[0m[1maws_rds_cluster_instance.writer: Still creating... [04m20s elapsed][0m[0m
[0m[1maws_rds_cluster_instance.writer: Still creating... [04m30s elapsed][0m[0m
[0m[1maws_rds_cluster_instance.writer: Still creating... [04m40s elapsed][0m[0m
[0m[1maws_rds_cluster_instance.writer: Still creating... [04m50s elapsed][0m[0m
[0m[1maws_rds_cluster_instance.writer: Still creating... [05m00s elapsed][0m[0m
[0m[1maws_rds_cluster_instance.writer: Still creating... [05m10s elapsed][0m[0m
[0m[1maws_rds_cluster_instance.writer: Still creating... [05m20s elapsed][0m[0m
[0m[1maws_rds_cluster_instance.writer: Still creating... [05m30s elapsed][0m[0m
[0m[1maws_rds_cluster_instance.writer: Still creating... [05m40s elapsed][0m[0m
[0m[1maws_rds_cluster_instance.writer: Still creating... [05m50s elapsed][0m[0m
[0m[1maws_rds_cluster_instance.writer: Still creating... [06m00s elapsed][0m[0m
[0m[1maws_rds_cluster_instance.writer: Still creating... [06m10s elapsed][0m[0m
[0m[1maws_rds_cluster_instance.writer: Creation complete after 6m11s [id=tf-e6420174d30894f2acddbfbbd8][0m
[0m[1m[32m
Apply complete! Resources: 6 added, 0 changed, 0 destroyed.[0m
[0m[1m[32m
Outputs:

[0mendpoint = "groundzero-actions.cluster-c9eqma4maz6v.us-west-1.rds.amazonaws.com"
